app/(app)/work/final-status/index.tsx(13,25): error TS2307: Cannot find module '../../../contexts/AuthContext' or its corresponding type declarations.
app/(app)/work/final-status/index.tsx(14,51): error TS2307: Cannot find module '../../../services/operational.service' or its corresponding type declarations.
app/(app)/work/final-status/index.tsx(15,51): error TS2307: Cannot find module '../../../types' or its corresponding type declarations.
app/(app)/work/final-status/index.tsx(16,34): error TS2307: Cannot find module '../../../components/operations/OperationalQueueCard' or its corresponding type declarations.
app/(app)/work/final-status/index.tsx(17,25): error TS2307: Cannot find module '../../../components/operations/QueueHeader' or its corresponding type declarations.
app/(app)/work/final-status/index.tsx(18,30): error TS2307: Cannot find module '../../../components/operations/QueueFilterSheet' or its corresponding type declarations.
app/(app)/work/final-status/index.tsx(19,26): error TS2307: Cannot find module '../../../components/LoadingState' or its corresponding type declarations.
app/(app)/work/final-status/index.tsx(20,24): error TS2307: Cannot find module '../../../components/ErrorState' or its corresponding type declarations.
app/(app)/work/final-status/index.tsx(21,26): error TS2307: Cannot find module '../../../components/operations/ActionButton' or its corresponding type declarations.
app/(app)/work/final-status/index.tsx(22,26): error TS2307: Cannot find module '../../../utils/debounce' or its corresponding type declarations.
app/(app)/work/final-status/index.tsx(146,21): error TS7006: Parameter 'reason' implicitly has an 'any' type.
app/(app)/work/index.tsx(3,25): error TS2307: Cannot find module '../../contexts/AuthContext' or its corresponding type declarations.
app/(app)/work/index.tsx(4,34): error TS2307: Cannot find module '../../services/operational.service' or its corresponding type declarations.
app/(app)/work/index.tsx(10,26): error TS2307: Cannot find module '../../components/LoadingState' or its corresponding type declarations.
app/(app)/work/kyc-operator/index.tsx(13,25): error TS2307: Cannot find module '../../contexts/AuthContext' or its corresponding type declarations.
app/(app)/work/kyc-operator/index.tsx(14,59): error TS2307: Cannot find module '../../services/operational.service' or its corresponding type declarations.
app/(app)/work/kyc-operator/index.tsx(15,48): error TS2307: Cannot find module '../../types' or its corresponding type declarations.
app/(app)/work/kyc-operator/index.tsx(16,34): error TS2307: Cannot find module '../../components/operations/OperationalQueueCard' or its corresponding type declarations.
app/(app)/work/kyc-operator/index.tsx(17,25): error TS2307: Cannot find module '../../components/operations/QueueHeader' or its corresponding type declarations.
app/(app)/work/kyc-operator/index.tsx(18,30): error TS2307: Cannot find module '../../components/operations/QueueFilterSheet' or its corresponding type declarations.
app/(app)/work/kyc-operator/index.tsx(19,26): error TS2307: Cannot find module '../../components/LoadingState' or its corresponding type declarations.
app/(app)/work/kyc-operator/index.tsx(20,24): error TS2307: Cannot find module '../../components/ErrorState' or its corresponding type declarations.
app/(app)/work/kyc-operator/index.tsx(21,26): error TS2307: Cannot find module '../../utils/debounce' or its corresponding type declarations.
app/(app)/work/pan-checker/index.tsx(12,25): error TS2307: Cannot find module '../../../contexts/AuthContext' or its corresponding type declarations.
app/(app)/work/pan-checker/index.tsx(13,33): error TS2307: Cannot find module '../../../services/operational.service' or its corresponding type declarations.
app/(app)/work/pan-checker/index.tsx(14,51): error TS2307: Cannot find module '../../../types' or its corresponding type declarations.
app/(app)/work/pan-checker/index.tsx(15,34): error TS2307: Cannot find module '../../../components/operations/OperationalQueueCard' or its corresponding type declarations.
app/(app)/work/pan-checker/index.tsx(16,25): error TS2307: Cannot find module '../../../components/operations/QueueHeader' or its corresponding type declarations.
app/(app)/work/pan-checker/index.tsx(17,30): error TS2307: Cannot find module '../../../components/operations/QueueFilterSheet' or its corresponding type declarations.
app/(app)/work/pan-checker/index.tsx(18,26): error TS2307: Cannot find module '../../../components/LoadingState' or its corresponding type declarations.
app/(app)/work/pan-checker/index.tsx(19,24): error TS2307: Cannot find module '../../../components/ErrorState' or its corresponding type declarations.
app/(app)/work/pan-checker/index.tsx(20,26): error TS2307: Cannot find module '../../../utils/debounce' or its corresponding type declarations.
app/(app)/work/qd-operator/index.tsx(12,25): error TS2307: Cannot find module '../../../contexts/AuthContext' or its corresponding type declarations.
app/(app)/work/qd-operator/index.tsx(13,33): error TS2307: Cannot find module '../../../services/operational.service' or its corresponding type declarations.
app/(app)/work/qd-operator/index.tsx(14,51): error TS2307: Cannot find module '../../../types' or its corresponding type declarations.
app/(app)/work/qd-operator/index.tsx(15,34): error TS2307: Cannot find module '../../../components/operations/OperationalQueueCard' or its corresponding type declarations.
app/(app)/work/qd-operator/index.tsx(16,25): error TS2307: Cannot find module '../../../components/operations/QueueHeader' or its corresponding type declarations.
app/(app)/work/qd-operator/index.tsx(17,30): error TS2307: Cannot find module '../../../components/operations/QueueFilterSheet' or its corresponding type declarations.
app/(app)/work/qd-operator/index.tsx(18,26): error TS2307: Cannot find module '../../../components/LoadingState' or its corresponding type declarations.
app/(app)/work/qd-operator/index.tsx(19,24): error TS2307: Cannot find module '../../../components/ErrorState' or its corresponding type declarations.
app/(app)/work/qd-operator/index.tsx(20,26): error TS2307: Cannot find module '../../../utils/debounce' or its corresponding type declarations.
app/(app)/work/remark-operator/index.tsx(12,25): error TS2307: Cannot find module '../../../contexts/AuthContext' or its corresponding type declarations.
app/(app)/work/remark-operator/index.tsx(13,33): error TS2307: Cannot find module '../../../services/operational.service' or its corresponding type declarations.
app/(app)/work/remark-operator/index.tsx(14,51): error TS2307: Cannot find module '../../../types' or its corresponding type declarations.
app/(app)/work/remark-operator/index.tsx(15,34): error TS2307: Cannot find module '../../../components/operations/OperationalQueueCard' or its corresponding type declarations.
app/(app)/work/remark-operator/index.tsx(16,25): error TS2307: Cannot find module '../../../components/operations/QueueHeader' or its corresponding type declarations.
app/(app)/work/remark-operator/index.tsx(17,30): error TS2307: Cannot find module '../../../components/operations/QueueFilterSheet' or its corresponding type declarations.
app/(app)/work/remark-operator/index.tsx(18,26): error TS2307: Cannot find module '../../../components/LoadingState' or its corresponding type declarations.
app/(app)/work/remark-operator/index.tsx(19,24): error TS2307: Cannot find module '../../../components/ErrorState' or its corresponding type declarations.
app/(app)/work/remark-operator/index.tsx(20,26): error TS2307: Cannot find module '../../../utils/debounce' or its corresponding type declarations.
